.next/dev/types/validator.ts(846,31): error TS2344: Type 'typeof import("C:/PropertyPro/src/app/api/owner-applications/[id]/route")' does not satisfy the constraint 'RouteHandlerConfig<"/api/owner-applications/[id]">'.
  Types of property 'GET' are incompatible.
    Type '(req: NextRequest, { params }: { params: { id: string; }; }) => Promise<NextResponse<{ error: string; }> | NextResponse<{ id: string; name: string; createdAt: Date; updatedAt: Date; ... 12 more ...; createdUserId: string | null; }>>' is not assignable to type '(request: NextRequest, context: { params: Promise<{ id: string; }>; }) => void | Response | Promise<void | Response>'.
      Types of parameters '__1' and 'context' are incompatible.
        Type '{ params: Promise<{ id: string; }>; }' is not assignable to type '{ params: { id: string; }; }'.
          Types of property 'params' are incompatible.
            Property 'id' is missing in type 'Promise<{ id: string; }>' but required in type '{ id: string; }'.
.next/dev/types/validator.ts(873,31): error TS2344: Type 'typeof import("C:/PropertyPro/src/app/api/pricing-tiers/[id]/route")' does not satisfy the constraint 'RouteHandlerConfig<"/api/pricing-tiers/[id]">'.
  Types of property 'PUT' are incompatible.
    Type '(req: NextRequest, { params }: { params: { id: string; }; }) => Promise<NextResponse<{ id: string; name: string; description: string; price: number; minUnits: number; maxUnits: number; features: string[]; isCustom: boolean; ... 4 more ...; updatedAt: Date; }> | NextResponse<...>>' is not assignable to type '(request: NextRequest, context: { params: Promise<{ id: string; }>; }) => void | Response | Promise<void | Response>'.
      Types of parameters '__1' and 'context' are incompatible.
        Type '{ params: Promise<{ id: string; }>; }' is not assignable to type '{ params: { id: string; }; }'.
          Types of property 'params' are incompatible.
            Property 'id' is missing in type 'Promise<{ id: string; }>' but required in type '{ id: string; }'.
.next/dev/types/validator.ts(945,31): error TS2344: Type 'typeof import("C:/PropertyPro/src/app/api/tenant-invitations/[token]/route")' does not satisfy the constraint 'RouteHandlerConfig<"/api/tenant-invitations/[token]">'.
  Types of property 'GET' are incompatible.
    Type '(req: NextRequest, { params }: { params: { token: string; }; }) => Promise<NextResponse<{ error: string; }> | NextResponse<{ unit: { property: { id: string; name: string; description: string | null; ... 14 more ...; ownerId: string; }; } & { ...; }; invitedByOwner: { ...; }; } & { ...; }>>' is not assignable to type '(request: NextRequest, context: { params: Promise<{ token: string; }>; }) => void | Response | Promise<void | Response>'.
      Types of parameters '__1' and 'context' are incompatible.
        Type '{ params: Promise<{ token: string; }>; }' is not assignable to type '{ params: { token: string; }; }'.
          Types of property 'params' are incompatible.
            Property 'token' is missing in type 'Promise<{ token: string; }>' but required in type '{ token: string; }'.
